[     899ms] [LOG] [Fast Refresh] rebuilding @ http://localhost:3000/_next/static/chunks/0ega_next_dist_0vdsi87._.js:2431
[   22820ms] [INFO] %cDownload the React DevTools for a better development experience: https://react.dev/link/react-devtools font-weight:bold @ http://localhost:3000/_next/static/chunks/0ega_next_dist_0vdsi87._.js:2431
[   23346ms] [LOG] [HMR] connected @ http://localhost:3000/_next/static/chunks/0ega_next_dist_0vdsi87._.js:2431
[  181944ms] [LOG] [Fast Refresh] rebuilding @ http://localhost:3000/_next/static/chunks/0ega_next_dist_0vdsi87._.js:2431
[  182379ms] [LOG] [Fast Refresh] done in 3980ms @ http://localhost:3000/_next/static/chunks/0ega_next_dist_0vdsi87._.js:2431
[  195702ms] [LOG] [Fast Refresh] rebuilding @ http://localhost:3000/_next/static/chunks/0ega_next_dist_0vdsi87._.js:2431
[  195735ms] [LOG] [Fast Refresh] done in 144ms @ http://localhost:3000/_next/static/chunks/0ega_next_dist_0vdsi87._.js:2431
[  228779ms] [LOG] [Fast Refresh] rebuilding @ http://localhost:3000/_next/static/chunks/0ega_next_dist_0vdsi87._.js:2431
[  228813ms] [LOG] [Fast Refresh] done in 181ms @ http://localhost:3000/_next/static/chunks/0ega_next_dist_0vdsi87._.js:2431
[  228985ms] [LOG] [Fast Refresh] rebuilding @ http://localhost:3000/_next/static/chunks/0ega_next_dist_0vdsi87._.js:2431
[  229038ms] [LOG] [Fast Refresh] done in 172ms @ http://localhost:3000/_next/static/chunks/0ega_next_dist_0vdsi87._.js:2431
[  258166ms] [LOG] [Fast Refresh] rebuilding @ http://localhost:3000/_next/static/chunks/0ega_next_dist_0vdsi87._.js:2431
[  259085ms] [LOG] [Fast Refresh] done in 1033ms @ http://localhost:3000/_next/static/chunks/0ega_next_dist_0vdsi87._.js:2431
[  259308ms] [LOG] [Fast Refresh] rebuilding @ http://localhost:3000/_next/static/chunks/0ega_next_dist_0vdsi87._.js:2431
[  259349ms] [LOG] [Fast Refresh] done in 233ms @ http://localhost:3000/_next/static/chunks/0ega_next_dist_0vdsi87._.js:2431
[  267797ms] [LOG] [Fast Refresh] rebuilding @ http://localhost:3000/_next/static/chunks/0ega_next_dist_0vdsi87._.js:2431
[  267813ms] [LOG] [Fast Refresh] done in 124ms @ http://localhost:3000/_next/static/chunks/0ega_next_dist_0vdsi87._.js:2431
[  334391ms] [LOG] [Fast Refresh] rebuilding @ http://localhost:3000/_next/static/chunks/0ega_next_dist_0vdsi87._.js:2431
[  334808ms] [LOG] [Fast Refresh] done in 403ms @ http://localhost:3000/_next/static/chunks/0ega_next_dist_0vdsi87._.js:2431
[  418718ms] [LOG] [Fast Refresh] rebuilding @ http://localhost:3000/_next/static/chunks/0ega_next_dist_0vdsi87._.js:2431
[  420175ms] [LOG] [Fast Refresh] done in 1573ms @ http://localhost:3000/_next/static/chunks/0ega_next_dist_0vdsi87._.js:2431
