[     468ms] [LOG] [Fast Refresh] rebuilding @ http://localhost:3000/_next/static/chunks/0ega_next_dist_0vdsi87._.js:2431
[    4320ms] [LOG] [Fast Refresh] done in 3959ms @ http://localhost:3000/_next/static/chunks/0ega_next_dist_0vdsi87._.js:2431
[    6632ms] [INFO] %cDownload the React DevTools for a better development experience: https://react.dev/link/react-devtools font-weight:bold @ http://localhost:3000/_next/static/chunks/0ega_next_dist_0vdsi87._.js:2431
[    6977ms] [LOG] [HMR] connected @ http://localhost:3000/_next/static/chunks/0ega_next_dist_0vdsi87._.js:2431
[   36093ms] [LOG] [Fast Refresh] rebuilding @ http://localhost:3000/_next/static/chunks/0ega_next_dist_0vdsi87._.js:2431
[   38033ms] [LOG] [Fast Refresh] done in 2088ms @ http://localhost:3000/_next/static/chunks/0ega_next_dist_0vdsi87._.js:2431
[  283517ms] [LOG] [Fast Refresh] rebuilding @ http://localhost:3000/_next/static/chunks/0ega_next_dist_0vdsi87._.js:2431
[  283679ms] [LOG] [Fast Refresh] done in 69ms @ http://localhost:3000/_next/static/chunks/0ega_next_dist_0vdsi87._.js:2431
[  303698ms] [LOG] [Fast Refresh] rebuilding @ http://localhost:3000/_next/static/chunks/0ega_next_dist_0vdsi87._.js:2431
[  303745ms] [LOG] [Fast Refresh] done in 163ms @ http://localhost:3000/_next/static/chunks/0ega_next_dist_0vdsi87._.js:2431
[  347748ms] [LOG] [Fast Refresh] rebuilding @ http://localhost:3000/_next/static/chunks/0ega_next_dist_0vdsi87._.js:2431
[  348476ms] [LOG] [Fast Refresh] done in 841ms @ http://localhost:3000/_next/static/chunks/0ega_next_dist_0vdsi87._.js:2431
[  371410ms] [LOG] [Fast Refresh] rebuilding @ http://localhost:3000/_next/static/chunks/0ega_next_dist_0vdsi87._.js:2431
[  372709ms] [LOG] [Fast Refresh] done in 1408ms @ http://localhost:3000/_next/static/chunks/0ega_next_dist_0vdsi87._.js:2431
[  990220ms] [LOG] [Fast Refresh] rebuilding @ http://localhost:3000/_next/static/chunks/0ega_next_dist_0vdsi87._.js:2431
[  991431ms] [LOG] [Fast Refresh] done in 1327ms @ http://localhost:3000/_next/static/chunks/0ega_next_dist_0vdsi87._.js:2431
[  991661ms] [LOG] [Fast Refresh] rebuilding @ http://localhost:3000/_next/static/chunks/0ega_next_dist_0vdsi87._.js:2431
[  991667ms] [LOG] [Fast Refresh] done in 175ms @ http://localhost:3000/_next/static/chunks/0ega_next_dist_0vdsi87._.js:2431
[ 1304917ms] [LOG] [Fast Refresh] rebuilding @ http://localhost:3000/_next/static/chunks/0ega_next_dist_0vdsi87._.js:2431
[ 1316592ms] [LOG] [Fast Refresh] done in 19629ms @ http://localhost:3000/_next/static/chunks/0ega_next_dist_0vdsi87._.js:2431
