[     735ms] [LOG] [Fast Refresh] rebuilding @ http://localhost:3000/_next/static/chunks/0ega_next_dist_0vdsi87._.js:2431
[    7817ms] [LOG] [Fast Refresh] done in 7187ms @ http://localhost:3000/_next/static/chunks/0ega_next_dist_0vdsi87._.js:2431
[   10930ms] [INFO] %cDownload the React DevTools for a better development experience: https://react.dev/link/react-devtools font-weight:bold @ http://localhost:3000/_next/static/chunks/0ega_next_dist_0vdsi87._.js:2431
[   11302ms] [LOG] [HMR] connected @ http://localhost:3000/_next/static/chunks/0ega_next_dist_0vdsi87._.js:2431
[  203872ms] [LOG] [Fast Refresh] rebuilding @ http://localhost:3000/_next/static/chunks/0ega_next_dist_0vdsi87._.js:2431
[  204593ms] [LOG] [Fast Refresh] done in 2167ms @ http://localhost:3000/_next/static/chunks/0ega_next_dist_0vdsi87._.js:2431
[  227656ms] [LOG] [Fast Refresh] rebuilding @ http://localhost:3000/_next/static/chunks/0ega_next_dist_0vdsi87._.js:2431
[  228112ms] [LOG] [Fast Refresh] done in 1946ms @ http://localhost:3000/_next/static/chunks/0ega_next_dist_0vdsi87._.js:2431
[  320795ms] [LOG] [Fast Refresh] rebuilding @ http://localhost:3000/_next/static/chunks/0ega_next_dist_0vdsi87._.js:2431
[  320971ms] [LOG] [Fast Refresh] done in 2098ms @ http://localhost:3000/_next/static/chunks/0ega_next_dist_0vdsi87._.js:2431
[  443374ms] [LOG] [Fast Refresh] rebuilding @ http://localhost:3000/_next/static/chunks/0ega_next_dist_0vdsi87._.js:2431
[  443430ms] [LOG] [Fast Refresh] done in 96ms @ http://localhost:3000/_next/static/chunks/0ega_next_dist_0vdsi87._.js:2431
[  600622ms] [LOG] [Fast Refresh] rebuilding @ http://localhost:3000/_next/static/chunks/0ega_next_dist_0vdsi87._.js:2431
[  600659ms] [LOG] [Fast Refresh] done in 13ms @ http://localhost:3000/_next/static/chunks/0ega_next_dist_0vdsi87._.js:2431
[  604467ms] [LOG] [Fast Refresh] rebuilding @ http://localhost:3000/_next/static/chunks/0ega_next_dist_0vdsi87._.js:2431
[  605392ms] [LOG] [Fast Refresh] done in 1034ms @ http://localhost:3000/_next/static/chunks/0ega_next_dist_0vdsi87._.js:2431
[  605584ms] [LOG] [Fast Refresh] rebuilding @ http://localhost:3000/_next/static/chunks/0ega_next_dist_0vdsi87._.js:2431
[  605653ms] [LOG] [Fast Refresh] done in 180ms @ http://localhost:3000/_next/static/chunks/0ega_next_dist_0vdsi87._.js:2431
[  610946ms] [LOG] [Fast Refresh] rebuilding @ http://localhost:3000/_next/static/chunks/0ega_next_dist_0vdsi87._.js:2431
[  610981ms] [LOG] [Fast Refresh] done in 143ms @ http://localhost:3000/_next/static/chunks/0ega_next_dist_0vdsi87._.js:2431
[  825793ms] [LOG] [Fast Refresh] rebuilding @ http://localhost:3000/_next/static/chunks/0ega_next_dist_0vdsi87._.js:2431
[  836319ms] [LOG] [Fast Refresh] done in 10275ms @ http://localhost:3000/_next/static/chunks/0ega_next_dist_0vdsi87._.js:2431
[  840580ms] [LOG] [Fast Refresh] rebuilding @ http://localhost:3000/_next/static/chunks/0ega_next_dist_0vdsi87._.js:2431
[  841027ms] [LOG] [Fast Refresh] done in 850ms @ http://localhost:3000/_next/static/chunks/0ega_next_dist_0vdsi87._.js:2431
